src/controllers/driver_controller.ts(13,39): error TS2339: Property 'findById' does not exist on type 'typeof User'.
src/controllers/driver_controller.ts(36,39): error TS2339: Property 'findById' does not exist on type 'typeof User'.
src/controllers/driver_controller.ts(66,39): error TS2339: Property 'findById' does not exist on type 'typeof User'.
src/controllers/driver_controller.ts(101,42): error TS2339: Property 'find' does not exist on type 'typeof Trip'.
src/controllers/driver_controller.ts(135,38): error TS2339: Property 'find' does not exist on type 'typeof Trip'.
src/controllers/driver_controller.ts(164,47): error TS2769: No overload matches this call.
  Overload 1 of 2, '(this: ModelStatic<Trip>, options: NonNullFindOptions<any>): Promise<Trip>', gave the following error.
    Object literal may only specify known properties, and '_id' does not exist in type 'NonNullFindOptions<any>'.
  Overload 2 of 2, '(this: ModelStatic<Trip>, options?: FindOptions<any> | undefined): Promise<Trip | null>', gave the following error.
    Object literal may only specify known properties, and '_id' does not exist in type 'FindOptions<any>'.
src/routes/sub_company_routes.ts(5,38): error TS2307: Cannot find module '../controllers/sub_company_controller' or its corresponding type declarations.
src/services/email_template.ts(448,71): error TS2339: Property '_id' does not exist on type 'ITrip'.
src/services/email_template.ts(459,51): error TS2339: Property 'currentLocation' does not exist on type 'IBus'.
src/services/email_template.ts(665,72): error TS2339: Property 'departureBusStation' does not exist on type 'ITrip'.
src/services/email_template.ts(678,72): error TS2339: Property 'arrivalBusStation' does not exist on type 'ITrip'.
